No syntax errors detected in D:\PhpstormProjects\www\Managing\src\ManagingBundle.php
No syntax errors detected in D:\PhpstormProjects\www\Managing\src\Accessor\Crud\ManageEntityFieldAccessor.php
No syntax errors detected in D:\PhpstormProjects\www\Managing\src\Accessor\Crud\ManagePublicationFieldStateAccessor.php
No syntax errors detected in D:\PhpstormProjects\www\Managing\src\Builder\Admin\ManageAdminUserMenuBuilder.php
No syntax errors detected in D:\PhpstormProjects\www\Managing\src\Builder\Crud\ManageBackedEnumChoiceBuilder.php
No syntax errors detected in D:\PhpstormProjects\www\Managing\src\Builder\Crud\ManageEasyAdminFieldBuilder.php
No syntax errors detected in D:\PhpstormProjects\www\Managing\src\BuilderInterface\Admin\ManageAdminUserMenuBuilderInterface.php
No syntax errors detected in D:\PhpstormProjects\www\Managing\src\Cache\Admin\Host\ManageHostCrudResourceCache.php
No syntax errors detected in D:\PhpstormProjects\www\Managing\src\Command\Crud\ManageCrudFieldUserProfileStorageCheckCommand.php
No syntax errors detected in D:\PhpstormProjects\www\Managing\src\Command\Crud\ManageCrudFieldVisibilityExplainCommand.php
No syntax errors detected in D:\PhpstormProjects\www\Managing\src\Configurator\Crud\ManageCrudActionConfigurator.php
No syntax errors detected in D:\PhpstormProjects\www\Managing\src\Configurator\Crud\ManageCrudFilterConfigurator.php
No syntax errors detected in D:\PhpstormProjects\www\Managing\src\Configurator\Crud\ManageCrudPageConfigurator.php
No syntax errors detected in D:\PhpstormProjects\www\Managing\src\Controller\Crud\AbstractManageContentCrudController.php
No syntax errors detected in D:\PhpstormProjects\www\Managing\src\Controller\Crud\ManageAttachmentIdentifierMigrationTrait.php
No syntax errors detected in D:\PhpstormProjects\www\Managing\src\Controller\Crud\ManageCrudControllerCustomizationTrait.php
No syntax errors detected in D:\PhpstormProjects\www\Managing\src\Controller\Crud\ManageCrudControllerRuntime.php
No syntax errors detected in D:\PhpstormProjects\www\Managing\src\Controller\Crud\ManageCrudControllerRuntimeInjectionTrait.php
No syntax errors detected in D:\PhpstormProjects\www\Managing\src\Controller\Crud\ManageCrudControllerSurfaceTrait.php
No syntax errors detected in D:\PhpstormProjects\www\Managing\src\Controller\Crud\Generated\AttachingCrudController.php
No syntax errors detected in D:\PhpstormProjects\www\Managing\src\Controller\Crud\Generated\CatalogingCrudController.php
No syntax errors detected in D:\PhpstormProjects\www\Managing\src\Controller\Crud\Generated\CurrencingCrudController.php
No syntax errors detected in D:\PhpstormProjects\www\Managing\src\Controller\Crud\Generated\OrderingCrudController.php
No syntax errors detected in D:\PhpstormProjects\www\Managing\src\Controller\Crud\Generated\PagingCrudController.php
No syntax errors detected in D:\PhpstormProjects\www\Managing\src\Controller\Crud\Generated\PayingCrudController.php
No syntax errors detected in D:\PhpstormProjects\www\Managing\src\Controller\Crud\Generated\ShippingCrudController.php
No syntax errors detected in D:\PhpstormProjects\www\Managing\src\Controller\Crud\Generated\WalletingCrudController.php
No syntax errors detected in D:\PhpstormProjects\www\Managing\src\DependencyInjection\Configuration.php
No syntax errors detected in D:\PhpstormProjects\www\Managing\src\DependencyInjection\ManagingConfigurationDefaults.php
No syntax errors detected in D:\PhpstormProjects\www\Managing\src\DependencyInjection\ManagingConfigurationNodeBuilder.php
No syntax errors detected in D:\PhpstormProjects\www\Managing\src\DependencyInjection\ManagingCrudBehaviorConfigurationDefaults.php
No syntax errors detected in D:\PhpstormProjects\www\Managing\src\DependencyInjection\ManagingCrudBehaviorConfigurationDefaultsTrait.php
No syntax errors detected in D:\PhpstormProjects\www\Managing\src\DependencyInjection\ManagingCrudConfigurationDefaults.php
No syntax errors detected in D:\PhpstormProjects\www\Managing\src\DependencyInjection\ManagingCrudFieldConfigurationDefaults.php
No syntax errors detected in D:\PhpstormProjects\www\Managing\src\DependencyInjection\ManagingCrudFieldConfigurationDefaultsTrait.php
No syntax errors detected in D:\PhpstormProjects\www\Managing\src\DependencyInjection\ManagingCrudResourceConfigurationDefaults.php
No syntax errors detected in D:\PhpstormProjects\www\Managing\src\DependencyInjection\ManagingExtension.php
No syntax errors detected in D:\PhpstormProjects\www\Managing\src\DependencyInjection\ManagingFieldExternalAccessBackendConfigurator.php
No syntax errors detected in D:\PhpstormProjects\www\Managing\src\DependencyInjection\ManagingHostConfigurationDefaults.php
No syntax errors detected in D:\PhpstormProjects\www\Managing\src\DependencyInjection\ManagingMenuConfigurationDefaults.php
No syntax errors detected in D:\PhpstormProjects\www\Managing\src\DependencyInjection\ManagingParameterLoader.php
No syntax errors detected in D:\PhpstormProjects\www\Managing\src\DependencyInjection\Compiler\ManageProviderPass.php
No syntax errors detected in D:\PhpstormProjects\www\Managing\src\Discovery\Admin\Host\ManageHostCrudResourceDiscovery.php
No syntax errors detected in D:\PhpstormProjects\www\Managing\src\Entity\Crud\ManageCrudFieldViewProfileRule.php
No syntax errors detected in D:\PhpstormProjects\www\Managing\src\Extractor\Admin\ManageGeneratedCrudControllerCustomizationExtractor.php
No syntax errors detected in D:\PhpstormProjects\www\Managing\src\Extractor\Admin\Host\ManagePhpClassNameExtractor.php
No syntax errors detected in D:\PhpstormProjects\www\Managing\src\Factory\Admin\Host\ManageHostCrudResourceFactory.php
No syntax errors detected in D:\PhpstormProjects\www\Managing\src\Factory\Crud\ManageCrudFieldDefinitionFactory.php
No syntax errors detected in D:\PhpstormProjects\www\Managing\src\Factory\Crud\ManageCrudFieldFactory.php
No syntax errors detected in D:\PhpstormProjects\www\Managing\src\Factory\Crud\ManageCrudFieldVisibilityExplanationStepFactory.php
No syntax errors detected in D:\PhpstormProjects\www\Managing\src\Factory\Crud\ManageEasyAdminArrayChoiceFieldFactory.php
No syntax errors detected in D:\PhpstormProjects\www\Managing\src\Factory\Crud\ManageEasyAdminAssociationFieldFactory.php
No syntax errors detected in D:\PhpstormProjects\www\Managing\src\Factory\Crud\ManageEasyAdminFieldFromDefinitionFactory.php
No syntax errors detected in D:\PhpstormProjects\www\Managing\src\Factory\Crud\ManageEasyAdminScalarFieldFactory.php
No syntax errors detected in D:\PhpstormProjects\www\Managing\src\FactoryInterface\Crud\ManageCrudFieldDefinitionFactoryInterface.php
No syntax errors detected in D:\PhpstormProjects\www\Managing\src\FactoryInterface\Crud\ManageEasyAdminFieldFromDefinitionFactoryInterface.php
No syntax errors detected in D:\PhpstormProjects\www\Managing\src\Filter\Admin\ManageContributionFilter.php
No syntax errors detected in D:\PhpstormProjects\www\Managing\src\FilterInterface\Admin\ManageContributionFilterInterface.php
No syntax errors detected in D:\PhpstormProjects\www\Managing\src\Formatter\Admin\Host\ManageClassNameFormatter.php
No syntax errors detected in D:\PhpstormProjects\www\Managing\src\Generator\Admin\ManageCrudControllerGenerator.php
No syntax errors detected in D:\PhpstormProjects\www\Managing\src\Handler\Crud\ManageCrudFieldUserProfileApplyHandler.php
No syntax errors detected in D:\PhpstormProjects\www\Managing\src\Handler\Crud\ManagePublicationStateHandler.php
No syntax errors detected in D:\PhpstormProjects\www\Managing\src\HandlerInterface\Crud\ManageCrudFieldUserProfileApplyHandlerInterface.php
No syntax errors detected in D:\PhpstormProjects\www\Managing\src\Inspector\Admin\Host\ManageHostDoctrineEntityInspector.php
No syntax errors detected in D:\PhpstormProjects\www\Managing\src\Inspector\Crud\ManageCrudFieldVisibilityInspector.php
No syntax errors detected in D:\PhpstormProjects\www\Managing\src\Inspector\Crud\ManageEntityMetadataInspector.php
No syntax errors detected in D:\PhpstormProjects\www\Managing\src\Inspector\Crud\ManageEntityReflectionInspector.php
No syntax errors detected in D:\PhpstormProjects\www\Managing\src\InspectorInterface\Crud\ManageCrudFieldVisibilityInspectorInterface.php
No syntax errors detected in D:\PhpstormProjects\www\Managing\src\Instantiator\Crud\ManageEntityInstantiator.php
No syntax errors detected in D:\PhpstormProjects\www\Managing\src\Labeler\Crud\ManageCrudFieldLabeler.php
No syntax errors detected in D:\PhpstormProjects\www\Managing\src\Normalizer\Filesystem\ManageFilesystemPathNormalizer.php
No syntax errors detected in D:\PhpstormProjects\www\Managing\src\Normalizer\Policy\ManagePolicyValueNormalizer.php
No syntax errors detected in D:\PhpstormProjects\www\Managing\src\Policy\Admin\ManageCrudResourcePolicy.php
No syntax errors detected in D:\PhpstormProjects\www\Managing\src\Policy\Crud\ManageCrudBehaviorPolicy.php
No syntax errors detected in D:\PhpstormProjects\www\Managing\src\Policy\Crud\ManageCrudFieldPolicy.php
No syntax errors detected in D:\PhpstormProjects\www\Managing\src\Policy\Crud\ManageCrudFieldTypeOverridePolicy.php
No syntax errors detected in D:\PhpstormProjects\www\Managing\src\Provider\Admin\Host\ManageHostApplicationAdminProvider.php
No syntax errors detected in D:\PhpstormProjects\www\Managing\src\Provider\Administration\RollingBackedManagingAccessReadinessProvider.php
No syntax errors detected in D:\PhpstormProjects\www\Managing\src\ProviderInterface\Admin\ManageAdminProviderInterface.php
No syntax errors detected in D:\PhpstormProjects\www\Managing\src\Reader\Admin\Host\ManageHostComposerAutoloadRootReader.php
No syntax errors detected in D:\PhpstormProjects\www\Managing\src\Reader\Crud\ManageCrudConfigShapeFieldUserProfileReader.php
No syntax errors detected in D:\PhpstormProjects\www\Managing\src\Reader\Crud\ManageCrudDoctrineFieldUserProfileReader.php
No syntax errors detected in D:\PhpstormProjects\www\Managing\src\Reader\Crud\ManageCrudNullFieldUserProfileReader.php
No syntax errors detected in D:\PhpstormProjects\www\Managing\src\ReaderInterface\Crud\ManageCrudFieldUserProfileReaderInterface.php
No syntax errors detected in D:\PhpstormProjects\www\Managing\src\Registry\Admin\ManageAdminRegistry.php
No syntax errors detected in D:\PhpstormProjects\www\Managing\src\Registry\Crud\ManageCrudResourceRegistry.php
No syntax errors detected in D:\PhpstormProjects\www\Managing\src\RegistryInterface\Admin\ManageAdminRegistryInterface.php
No syntax errors detected in D:\PhpstormProjects\www\Managing\src\RegistryInterface\Crud\ManageCrudResourceRegistryInterface.php
No syntax errors detected in D:\PhpstormProjects\www\Managing\src\Renderer\Admin\ManageGeneratedCrudControllerSourceRenderer.php
No syntax errors detected in D:\PhpstormProjects\www\Managing\src\Repository\Crud\ManageDoctrineCrudFieldViewProfileRuleRepository.php
No syntax errors detected in D:\PhpstormProjects\www\Managing\src\RepositoryInterface\Crud\ManageCrudFieldViewProfileRuleRepositoryInterface.php
No syntax errors detected in D:\PhpstormProjects\www\Managing\src\Resolver\Admin\Host\ManageHostClassNameResolver.php
No syntax errors detected in D:\PhpstormProjects\www\Managing\src\Resolver\Admin\Host\ManageHostCrudControllerResolver.php
No syntax errors detected in D:\PhpstormProjects\www\Managing\src\Resolver\Admin\Host\ManageHostPathResolver.php
No syntax errors detected in D:\PhpstormProjects\www\Managing\src\Resolver\Admin\Host\ManageHostPsr4RootResolver.php
No syntax errors detected in D:\PhpstormProjects\www\Managing\src\Resolver\Crud\ManageAssociationLabelResolver.php
No syntax errors detected in D:\PhpstormProjects\www\Managing\src\Resolver\Crud\ManageConstructorArgumentResolver.php
No syntax errors detected in D:\PhpstormProjects\www\Managing\src\Resolver\Crud\ManageCrudConfiguredFieldUserProfileResolver.php
No syntax errors detected in D:\PhpstormProjects\www\Managing\src\Resolver\Crud\ManageCrudEntitySurfaceResolver.php
No syntax errors detected in D:\PhpstormProjects\www\Managing\src\Resolver\Crud\ManageCrudFieldDefinitionTypeResolver.php
No syntax errors detected in D:\PhpstormProjects\www\Managing\src\Resolver\Crud\ManageCrudFieldVisibilityExplanationResolver.php
No syntax errors detected in D:\PhpstormProjects\www\Managing\src\Resolver\Crud\ManageCrudFieldVisibilityResolver.php
No syntax errors detected in D:\PhpstormProjects\www\Managing\src\Resolver\Crud\ManageCrudNullFieldExternalAccessResolver.php
No syntax errors detected in D:\PhpstormProjects\www\Managing\src\Resolver\Crud\ManageCrudNullFieldUserProfileResolver.php
No syntax errors detected in D:\PhpstormProjects\www\Managing\src\Resolver\Crud\ManageCrudReaderFieldUserProfileResolver.php
No syntax errors detected in D:\PhpstormProjects\www\Managing\src\Resolver\Crud\ManageCrudRollingFieldExternalAccessResolver.php
No syntax errors detected in D:\PhpstormProjects\www\Managing\src\ResolverInterface\Crud\ManageCrudFieldDefinitionTypeResolverInterface.php
No syntax errors detected in D:\PhpstormProjects\www\Managing\src\ResolverInterface\Crud\ManageCrudFieldExternalAccessResolverInterface.php
No syntax errors detected in D:\PhpstormProjects\www\Managing\src\ResolverInterface\Crud\ManageCrudFieldUserProfileResolverInterface.php
No syntax errors detected in D:\PhpstormProjects\www\Managing\src\ResolverInterface\Crud\ManageCrudFieldVisibilityExplanationResolverInterface.php
No syntax errors detected in D:\PhpstormProjects\www\Managing\src\ResolverInterface\Crud\ManageCrudFieldVisibilityResolverInterface.php
No syntax errors detected in D:\PhpstormProjects\www\Managing\src\Scorer\Admin\ManageCrudResourceScorer.php
No syntax errors detected in D:\PhpstormProjects\www\Managing\src\Service\Administration\ManagingFieldAccessMutationApplyService.php
No syntax errors detected in D:\PhpstormProjects\www\Managing\src\Service\Administration\ManagingFieldAccessMutationReviewService.php
No syntax errors detected in D:\PhpstormProjects\www\Managing\src\Service\Administration\ManagingFieldViewProfileApplyService.php
No syntax errors detected in D:\PhpstormProjects\www\Managing\src\Service\Administration\ManagingFieldViewProfileReviewService.php
No syntax errors detected in D:\PhpstormProjects\www\Managing\src\Service\Administration\ManagingFieldVisibilityInspectionPrepareService.php
No syntax errors detected in D:\PhpstormProjects\www\Managing\src\ServiceInterface\Administration\ManagingFieldAccessMutationApplyServiceInterface.php
No syntax errors detected in D:\PhpstormProjects\www\Managing\src\ServiceInterface\Administration\ManagingFieldAccessMutationReviewServiceInterface.php
No syntax errors detected in D:\PhpstormProjects\www\Managing\src\ServiceInterface\Administration\ManagingFieldViewProfileApplyServiceInterface.php
No syntax errors detected in D:\PhpstormProjects\www\Managing\src\ServiceInterface\Administration\ManagingFieldViewProfileReviewServiceInterface.php
No syntax errors detected in D:\PhpstormProjects\www\Managing\src\ServiceInterface\Administration\ManagingFieldVisibilityInspectionPrepareServiceInterface.php
No syntax errors detected in D:\PhpstormProjects\www\Managing\src\ServiceInterface\Administration\RollingBackedManagingAccessReadinessProviderInterface.php
No syntax errors detected in D:\PhpstormProjects\www\Managing\src\Stringifier\Crud\ManageEntityStringifier.php
No syntax errors detected in D:\PhpstormProjects\www\Managing\src\Trait\Crud\ManageAttachmentIdentifierMigrationTrait.php
No syntax errors detected in D:\PhpstormProjects\www\Managing\src\Trait\Crud\ManageCrudControllerRuntimeInjectionTrait.php
No syntax errors detected in D:\PhpstormProjects\www\Managing\src\Trait\Crud\ManageCrudFieldUserProfileRuleExtractionTrait.php
No syntax errors detected in D:\PhpstormProjects\www\Managing\src\Trait\Crud\ManageCrudFieldViewProfileRuleAccessorTrait.php
No syntax errors detected in D:\PhpstormProjects\www\Managing\src\Validator\Administration\ManagingFieldAccessPolicyDescriptorValidator.php
No syntax errors detected in D:\PhpstormProjects\www\Managing\src\Validator\Administration\ManagingFieldAccessReviewValidator.php
No syntax errors detected in D:\PhpstormProjects\www\Managing\src\Validator\Crud\ManageCrudFieldUserProfileStorageActivationValidator.php
No syntax errors detected in D:\PhpstormProjects\www\Managing\src\ValidatorInterface\Administration\ManagingFieldAccessPolicyDescriptorValidatorInterface.php
No syntax errors detected in D:\PhpstormProjects\www\Managing\src\ValidatorInterface\Crud\ManageCrudFieldUserProfileStorageActivationValidatorInterface.php
No syntax errors detected in D:\PhpstormProjects\www\Managing\src\Value\ManageComponentDefinition.php
No syntax errors detected in D:\PhpstormProjects\www\Managing\src\Value\ManageCrudResourceDefinition.php
No syntax errors detected in D:\PhpstormProjects\www\Managing\src\Value\Administration\ManagingAclMutationApplyResult.php
No syntax errors detected in D:\PhpstormProjects\www\Managing\src\Value\Administration\ManagingAclMutationApplySummary.php
No syntax errors detected in D:\PhpstormProjects\www\Managing\src\Value\Administration\ManagingFieldAccessCatalogItem.php
No syntax errors detected in D:\PhpstormProjects\www\Managing\src\Value\Administration\ManagingFieldAccessMatrixRow.php
No syntax errors detected in D:\PhpstormProjects\www\Managing\src\Value\Administration\ManagingFieldAccessMutationApplyResult.php
No syntax errors detected in D:\PhpstormProjects\www\Managing\src\Value\Administration\ManagingFieldAccessMutationReviewInput.php
No syntax errors detected in D:\PhpstormProjects\www\Managing\src\Value\Administration\ManagingFieldAccessMutationReviewResult.php
No syntax errors detected in D:\PhpstormProjects\www\Managing\src\Value\Administration\ManagingFieldAccessPolicyDescriptor.php
No syntax errors detected in D:\PhpstormProjects\www\Managing\src\Value\Administration\ManagingFieldAccessTarget.php
No syntax errors detected in D:\PhpstormProjects\www\Managing\src\Value\Administration\ManagingFieldPermissionVocabulary.php
No syntax errors detected in D:\PhpstormProjects\www\Managing\src\Value\Administration\ManagingFieldViewProfileApplyRequest.php
No syntax errors detected in D:\PhpstormProjects\www\Managing\src\Value\Administration\ManagingFieldViewProfileApplyResult.php
No syntax errors detected in D:\PhpstormProjects\www\Managing\src\Value\Administration\ManagingFieldViewProfileCatalogItem.php
No syntax errors detected in D:\PhpstormProjects\www\Managing\src\Value\Administration\ManagingFieldViewProfileEditRequest.php
No syntax errors detected in D:\PhpstormProjects\www\Managing\src\Value\Administration\ManagingFieldViewProfilePriorityRow.php
No syntax errors detected in D:\PhpstormProjects\www\Managing\src\Value\Administration\ManagingFieldViewProfileReviewResult.php
No syntax errors detected in D:\PhpstormProjects\www\Managing\src\Value\Administration\ManagingFieldViewProfileRuleShape.php
No syntax errors detected in D:\PhpstormProjects\www\Managing\src\Value\Administration\ManagingFieldVisibilityExplanationScenario.php
No syntax errors detected in D:\PhpstormProjects\www\Managing\src\Value\Administration\ManagingFieldVisibilityExplanationStep.php
No syntax errors detected in D:\PhpstormProjects\www\Managing\src\Value\Administration\ManagingFieldVisibilityInspectionPrepareRequest.php
No syntax errors detected in D:\PhpstormProjects\www\Managing\src\Value\Administration\ManagingFieldVisibilityInspectionPrepareResult.php
No syntax errors detected in D:\PhpstormProjects\www\Managing\src\Value\Administration\RollingBackedManagingAccessReadinessItem.php
No syntax errors detected in D:\PhpstormProjects\www\Managing\src\Value\Administration\RollingBackedManagingAccessReadinessReport.php
No syntax errors detected in D:\PhpstormProjects\www\Managing\src\Value\Crud\ManageCrudFieldAccessContext.php
No syntax errors detected in D:\PhpstormProjects\www\Managing\src\Value\Crud\ManageCrudFieldDefinition.php
No syntax errors detected in D:\PhpstormProjects\www\Managing\src\Value\Crud\ManageCrudFieldExternalAccessDecision.php
No syntax errors detected in D:\PhpstormProjects\www\Managing\src\Value\Crud\ManageCrudFieldPermissionVocabulary.php
No syntax errors detected in D:\PhpstormProjects\www\Managing\src\Value\Crud\ManageCrudFieldUserProfileApplyRequest.php
No syntax errors detected in D:\PhpstormProjects\www\Managing\src\Value\Crud\ManageCrudFieldUserProfileApplyResult.php
No syntax errors detected in D:\PhpstormProjects\www\Managing\src\Value\Crud\ManageCrudFieldUserProfileDecision.php
No syntax errors detected in D:\PhpstormProjects\www\Managing\src\Value\Crud\ManageCrudFieldUserProfileReadResult.php
No syntax errors detected in D:\PhpstormProjects\www\Managing\src\Value\Crud\ManageCrudFieldUserProfileRuleSet.php
No syntax errors detected in D:\PhpstormProjects\www\Managing\src\Value\Crud\ManageCrudFieldUserProfileStorageActivationIssue.php
No syntax errors detected in D:\PhpstormProjects\www\Managing\src\Value\Crud\ManageCrudFieldUserProfileStorageActivationReport.php
No syntax errors detected in D:\PhpstormProjects\www\Managing\src\Value\Crud\ManageCrudFieldUserProfileWriteRequest.php
No syntax errors detected in D:\PhpstormProjects\www\Managing\src\Value\Crud\ManageCrudFieldUserProfileWriteResult.php
No syntax errors detected in D:\PhpstormProjects\www\Managing\src\Value\Crud\ManageCrudFieldVisibilityDecision.php
No syntax errors detected in D:\PhpstormProjects\www\Managing\src\Value\Crud\ManageCrudFieldVisibilityExplanation.php
No syntax errors detected in D:\PhpstormProjects\www\Managing\src\Value\Crud\ManageCrudFieldVisibilityExplanationStep.php
No syntax errors detected in D:\PhpstormProjects\www\Managing\src\Value\Crud\ManageCrudFieldVisibilityInspectionReport.php
No syntax errors detected in D:\PhpstormProjects\www\Managing\src\Value\Crud\ManageCrudFieldVisibilityInspectionRequest.php
No syntax errors detected in D:\PhpstormProjects\www\Managing\src\Value\Crud\ManageCrudFieldVisibilityRuleSet.php
No syntax errors detected in D:\PhpstormProjects\www\Managing\src\Workflow\Crud\ManageCrudPublicationWorkflow.php
No syntax errors detected in D:\PhpstormProjects\www\Managing\src\Writer\Admin\ManageGeneratedCrudControllerWriter.php
No syntax errors detected in D:\PhpstormProjects\www\Managing\src\Writer\Crud\ManageCrudConfigShapeFieldUserProfileWriter.php
No syntax errors detected in D:\PhpstormProjects\www\Managing\src\Writer\Crud\ManageCrudDoctrineFieldUserProfileWriter.php
No syntax errors detected in D:\PhpstormProjects\www\Managing\src\Writer\Crud\ManageCrudNullFieldUserProfileWriter.php
No syntax errors detected in D:\PhpstormProjects\www\Managing\src\WriterInterface\Crud\ManageCrudFieldUserProfileWriterInterface.php
No syntax errors detected in D:\PhpstormProjects\www\Managing\tests\Architecture\ManageRcCleanArchitectureTest.php
No syntax errors detected in D:\PhpstormProjects\www\Managing\tests\Unit\ManageCrudFieldVisibilityVocabularyTest.php
No syntax errors detected in D:\PhpstormProjects\www\Managing\tests\Unit\Admin\AttachmentIdentifierMigrationSqlSplitTest.php
No syntax errors detected in D:\PhpstormProjects\www\Managing\tests\Unit\Admin\AttachmentIdentifierMigrationSupportTest.php
No syntax errors detected in D:\PhpstormProjects\www\Managing\tests\Unit\Admin\ManageCrudResourcePolicyTest.php
No syntax errors detected in D:\PhpstormProjects\www\Managing\tests\Unit\Admin\ManageCrudResourceScorerTest.php
No syntax errors detected in D:\PhpstormProjects\www\Managing\tests\Unit\Admin\ManageGeneratedCrudControllerCustomizationExtractorTest.php
No syntax errors detected in D:\PhpstormProjects\www\Managing\tests\Unit\Admin\ManageGeneratedCrudControllerSourceRendererTest.php
No syntax errors detected in D:\PhpstormProjects\www\Managing\tests\Unit\Admin\ManageGeneratedCrudControllerWriterTest.php
No syntax errors detected in D:\PhpstormProjects\www\Managing\tests\Unit\Admin\ManageHostClassNameFormattingSplitTest.php
No syntax errors detected in D:\PhpstormProjects\www\Managing\tests\Unit\Admin\ManageHostClassNameResolverTest.php
No syntax errors detected in D:\PhpstormProjects\www\Managing\tests\Unit\Admin\ManageHostComposerAutoloadRootReaderTest.php
No syntax errors detected in D:\PhpstormProjects\www\Managing\tests\Unit\Admin\ManageHostCrudResourceDiscoveryTestEntity.php
No syntax errors detected in D:\PhpstormProjects\www\Managing\tests\Unit\Admin\ManageHostPsr4RootResolverTest.php
No syntax errors detected in D:\PhpstormProjects\www\Managing\tests\Unit\Administration\ManagingFieldAccessPolicyDescriptorValidatorTest.php
No syntax errors detected in D:\PhpstormProjects\www\Managing\tests\Unit\Administration\ManagingFieldAccessReviewValidatorTest.php
No syntax errors detected in D:\PhpstormProjects\www\Managing\tests\Unit\Crud\ManageBackedEnumChoiceBuilderTest.php
No syntax errors detected in D:\PhpstormProjects\www\Managing\tests\Unit\Crud\ManageConstructorArgumentResolverTest.php
No syntax errors detected in D:\PhpstormProjects\www\Managing\tests\Unit\Crud\ManageCrudBehaviorPolicyTest.php
No syntax errors detected in D:\PhpstormProjects\www\Managing\tests\Unit\Crud\ManageCrudControllerCustomizationTraitTest.php
No syntax errors detected in D:\PhpstormProjects\www\Managing\tests\Unit\Crud\ManageCrudControllerRuntimeInjectionTraitTest.php
No syntax errors detected in D:\PhpstormProjects\www\Managing\tests\Unit\Crud\ManageCrudControllerRuntimeTest.php
No syntax errors detected in D:\PhpstormProjects\www\Managing\tests\Unit\Crud\ManageCrudCreateEntityTest.php
No syntax errors detected in D:\PhpstormProjects\www\Managing\tests\Unit\Crud\ManageCrudEntitySurfaceResolverTest.php
No syntax errors detected in D:\PhpstormProjects\www\Managing\tests\Unit\Crud\ManageCrudFieldDefinitionFactoryTest.php
No syntax errors detected in D:\PhpstormProjects\www\Managing\tests\Unit\Crud\ManageCrudFieldLabelerTest.php
No syntax errors detected in D:\PhpstormProjects\www\Managing\tests\Unit\Crud\ManageCrudFieldPolicyTest.php
No syntax errors detected in D:\PhpstormProjects\www\Managing\tests\Unit\Crud\ManageCrudFieldTypeOverridePolicyTest.php
No syntax errors detected in D:\PhpstormProjects\www\Managing\tests\Unit\Crud\ManageCrudFieldUserProfileApplyHandlerTest.php
No syntax errors detected in D:\PhpstormProjects\www\Managing\tests\Unit\Crud\ManageCrudFieldUserProfileReaderTest.php
No syntax errors detected in D:\PhpstormProjects\www\Managing\tests\Unit\Crud\ManageCrudFieldUserProfileRuleSetTest.php
No syntax errors detected in D:\PhpstormProjects\www\Managing\tests\Unit\Crud\ManageCrudFieldUserProfileStorageActivationValidatorTest.php
No syntax errors detected in D:\PhpstormProjects\www\Managing\tests\Unit\Crud\ManageCrudFieldUserProfileStorageShapeTest.php
No syntax errors detected in D:\PhpstormProjects\www\Managing\tests\Unit\Crud\ManageCrudFieldUserProfileWriterTest.php
No syntax errors detected in D:\PhpstormProjects\www\Managing\tests\Unit\Crud\ManageCrudFieldVisibilityExplanationResolverTest.php
No syntax errors detected in D:\PhpstormProjects\www\Managing\tests\Unit\Crud\ManageCrudFieldVisibilityInspectorTest.php
No syntax errors detected in D:\PhpstormProjects\www\Managing\tests\Unit\Crud\ManageCrudFieldVisibilityResolverTest.php
No syntax errors detected in D:\PhpstormProjects\www\Managing\tests\Unit\Crud\ManageCrudPageConfiguratorTest.php
No syntax errors detected in D:\PhpstormProjects\www\Managing\tests\Unit\Crud\ManageCrudPublicationWorkflowTest.php
No syntax errors detected in D:\PhpstormProjects\www\Managing\tests\Unit\Crud\ManageCrudReaderFieldUserProfileResolverTest.php
No syntax errors detected in D:\PhpstormProjects\www\Managing\tests\Unit\Crud\ManageCrudRollingFieldExternalAccessResolverTest.php
No syntax errors detected in D:\PhpstormProjects\www\Managing\tests\Unit\Crud\ManageEasyAdminSpecialFieldFactoriesTest.php
No syntax errors detected in D:\PhpstormProjects\www\Managing\tests\Unit\Crud\ManageEntityReflectionInspectorSplitTest.php
No syntax errors detected in D:\PhpstormProjects\www\Managing\tests\Unit\Crud\ManagePublicationFieldStateAccessorTest.php
No syntax errors detected in D:\PhpstormProjects\www\Managing\tests\Unit\DependencyInjection\ManagingConfigurationDefaultsTest.php
No syntax errors detected in D:\PhpstormProjects\www\Managing\tests\Unit\DependencyInjection\ManagingConfigurationNodeBuilderTest.php
No syntax errors detected in D:\PhpstormProjects\www\Managing\tests\Unit\DependencyInjection\ManagingCrudConfigurationDefaultsSplitTest.php
No syntax errors detected in D:\PhpstormProjects\www\Managing\tests\Unit\DependencyInjection\ManagingFieldExternalAccessBackendConfiguratorTest.php
No syntax errors detected in D:\PhpstormProjects\www\Managing\tests\Unit\DependencyInjection\ManagingFieldUserProfileDoctrineStorageWiringTest.php
No syntax errors detected in D:\PhpstormProjects\www\Managing\tests\Unit\DependencyInjection\ManagingParameterLoaderTest.php
No syntax errors detected in D:\PhpstormProjects\www\Managing\tests\Unit\Documentation\ManageFieldAccessVisibilityReadinessDocumentationTest.php
No syntax errors detected in D:\PhpstormProjects\www\Managing\tests\Unit\Documentation\ManageFieldExternalRollingAccessDocumentationTest.php
No syntax errors detected in D:\PhpstormProjects\www\Managing\tests\Unit\Documentation\ManageFieldViewProfileHostActivationDocumentationTest.php
No syntax errors detected in D:\PhpstormProjects\www\Managing\tests\Unit\Documentation\ManageFieldVisibilityExplainabilityDocumentationTest.php
No syntax errors detected in D:\PhpstormProjects\www\Managing\tests\Unit\Documentation\ManageFieldVisibilityInspectionDocumentationTest.php
No syntax errors detected in D:\PhpstormProjects\www\Managing\tests\Unit\Documentation\ManageFinalServiceLayerCleanupDocumentationTest.php
No syntax errors detected in D:\PhpstormProjects\www\Managing\tests\Unit\Filesystem\ManageFilesystemPathNormalizerTest.php
No syntax errors detected in D:\PhpstormProjects\www\Managing\tests\Unit\Policy\ManagePolicyValueNormalizerTest.php
No syntax errors detected in D:\PhpstormProjects\www\Managing\tools\qa\managing-first-party-dependency-contour.php
No syntax errors detected in D:\PhpstormProjects\www\Managing\tools\runtime\assert-rc-runtime-proof.php
No syntax errors detected in D:\PhpstormProjects\www\Managing\tools\runtime\write-rc-runtime-proof-intake.php
